../Core/Src/main.c:73:5:__io_putchar	16	static
../Core/Src/main.c:84:5:main	48	static
../Core/Src/main.c:170:6:SystemClock_Config	72	static
../Core/Src/main.c:209:13:MX_CAN_Init	8	static
../Core/Src/main.c:246:13:MX_TIM2_Init	48	static
../Core/Src/main.c:295:13:MX_TIM4_Init	32	static
../Core/Src/main.c:340:13:MX_USART2_UART_Init	8	static
../Core/Src/main.c:373:13:MX_GPIO_Init	40	static
../Core/Src/main.c:420:6:HAL_UART_RxCpltCallback	16	static
../Core/Src/main.c:440:6:Error_Handler	4	static,ignoring_inline_asm
